2016-12-30 10:31:08 INFO  EntityManagerFactoryImpl:130 - Loading Core
2016-12-30 10:31:08 INFO  CoreLoader:41 - Loading Kundera Core Metdata ... 
2016-12-30 10:31:08 INFO  EntityManagerFactoryImpl:654 - Loading Persistence Unit MetaData For Persistence Unit(s) hbase_pu.
2016-12-30 10:31:08 INFO  PersistenceUnitConfiguration:77 - Loading Metadata from persistence.xml ...
2016-12-30 10:31:08 INFO  PersistenceUnitConfiguration:94 - Finishing persistence unit metadata configuration ...
2016-12-30 10:32:06 INFO  ClientMetadataBuilder:37 - Loading client factory for persistence unit hbase_pu
2016-12-30 10:32:06 INFO  ClientResolver:73 - Initializing client factory for: hbase_pu
2016-12-30 10:32:06 INFO  ClientResolver:152 - Finishing factory initialization
2016-12-30 10:32:06 INFO  SchemaConfiguration:116 - Configuring schema export for : hbase_pu
2016-12-30 10:32:08 WARN  NativeCodeLoader:62 - Unable to load native-hadoop library for your platform... using builtin-java classes where applicable
2016-12-30 10:32:13 INFO  RecoverableZooKeeper:120 - Process identifier=hconnection-0x748df590 connecting to ZooKeeper ensemble=localhost:2181
2016-12-30 10:32:13 INFO  ZooKeeper:100 - Client environment:zookeeper.version=3.4.6-1569965, built on 02/20/2014 09:09 GMT
2016-12-30 10:32:13 INFO  ZooKeeper:100 - Client environment:host.name=master.cloudera
2016-12-30 10:32:13 INFO  ZooKeeper:100 - Client environment:java.version=1.7.0_67
2016-12-30 10:32:13 INFO  ZooKeeper:100 - Client environment:java.vendor=Oracle Corporation
2016-12-30 10:32:13 INFO  ZooKeeper:100 - Client environment:java.home=/usr/java/jdk1.7.0_67-cloudera/jre
2016-12-30 10:32:13 INFO  ZooKeeper:100 - Client environment:java.class.path=database-1.0-SNAPSHOT-jar-with-dependencies.jar
2016-12-30 10:32:13 INFO  ZooKeeper:100 - Client environment:java.library.path=/usr/java/packages/lib/amd64:/usr/lib64:/lib64:/lib:/usr/lib
2016-12-30 10:32:13 INFO  ZooKeeper:100 - Client environment:java.io.tmpdir=/tmp
2016-12-30 10:32:13 INFO  ZooKeeper:100 - Client environment:java.compiler=<NA>
2016-12-30 10:32:13 INFO  ZooKeeper:100 - Client environment:os.name=Linux
2016-12-30 10:32:13 INFO  ZooKeeper:100 - Client environment:os.arch=amd64
2016-12-30 10:32:13 INFO  ZooKeeper:100 - Client environment:os.version=3.10.0-327.el7.x86_64
2016-12-30 10:32:13 INFO  ZooKeeper:100 - Client environment:user.name=ec2-user
2016-12-30 10:32:13 INFO  ZooKeeper:100 - Client environment:user.home=/home/ec2-user
2016-12-30 10:32:13 INFO  ZooKeeper:100 - Client environment:user.dir=/home/ec2-user
2016-12-30 10:32:13 INFO  ZooKeeper:438 - Initiating client connection, connectString=localhost:2181 sessionTimeout=90000 watcher=hconnection-0x748df5900x0, quorum=localhost:2181, baseZNode=/hbase
2016-12-30 10:32:13 INFO  ClientCnxn:975 - Opening socket connection to server localhost/0:0:0:0:0:0:0:1:2181. Will not attempt to authenticate using SASL (unknown error)
2016-12-30 10:32:13 WARN  ClientCnxn:1102 - Session 0x0 for server null, unexpected error, closing socket connection and attempting reconnect
java.net.ConnectException: Connection refused
	at sun.nio.ch.SocketChannelImpl.checkConnect(Native Method)
	at sun.nio.ch.SocketChannelImpl.finishConnect(SocketChannelImpl.java:739)
	at org.apache.zookeeper.ClientCnxnSocketNIO.doTransport(ClientCnxnSocketNIO.java:361)
	at org.apache.zookeeper.ClientCnxn$SendThread.run(ClientCnxn.java:1081)
2016-12-30 10:32:13 INFO  ClientCnxn:975 - Opening socket connection to server localhost/127.0.0.1:2181. Will not attempt to authenticate using SASL (unknown error)
2016-12-30 10:32:13 INFO  ClientCnxn:852 - Socket connection established to localhost/127.0.0.1:2181, initiating session
2016-12-30 10:32:13 INFO  ClientCnxn:1235 - Session establishment complete on server localhost/127.0.0.1:2181, sessionid = 0x1594b85e13316ed, negotiated timeout = 60000
2016-12-30 10:32:26 INFO  HBaseAdmin:790 - Created medical_records
2016-12-30 10:32:31 INFO  HBaseAdmin:790 - Created physicians
2016-12-30 10:32:35 INFO  HBaseAdmin:790 - Created patients
2016-12-30 10:32:35 INFO  GenericClientFactory:110 - Loading client metadata for persistence unit : hbase_pu
2016-12-30 10:32:35 INFO  GenericClientFactory:114 - Initializing client for persistence unit : hbase_pu
2016-12-30 10:32:35 INFO  GenericClientFactory:118 - Constructing pool for persistence unit : hbase_pu
2016-12-30 10:32:35 INFO  RecoverableZooKeeper:120 - Process identifier=hconnection-0x64237b68 connecting to ZooKeeper ensemble=localhost:2181
2016-12-30 10:32:35 INFO  ZooKeeper:438 - Initiating client connection, connectString=localhost:2181 sessionTimeout=90000 watcher=hconnection-0x64237b680x0, quorum=localhost:2181, baseZNode=/hbase
2016-12-30 10:32:35 INFO  ClientCnxn:975 - Opening socket connection to server localhost/0:0:0:0:0:0:0:1:2181. Will not attempt to authenticate using SASL (unknown error)
2016-12-30 10:32:35 WARN  ClientCnxn:1102 - Session 0x0 for server null, unexpected error, closing socket connection and attempting reconnect
java.net.ConnectException: Connection refused
	at sun.nio.ch.SocketChannelImpl.checkConnect(Native Method)
	at sun.nio.ch.SocketChannelImpl.finishConnect(SocketChannelImpl.java:739)
	at org.apache.zookeeper.ClientCnxnSocketNIO.doTransport(ClientCnxnSocketNIO.java:361)
	at org.apache.zookeeper.ClientCnxn$SendThread.run(ClientCnxn.java:1081)
2016-12-30 10:32:35 INFO  ClientCnxn:975 - Opening socket connection to server localhost/127.0.0.1:2181. Will not attempt to authenticate using SASL (unknown error)
2016-12-30 10:32:35 INFO  ClientCnxn:852 - Socket connection established to localhost/127.0.0.1:2181, initiating session
2016-12-30 10:32:35 INFO  ClientCnxn:1235 - Session establishment complete on server localhost/127.0.0.1:2181, sessionid = 0x1594b85e13316f0, negotiated timeout = 60000
2016-12-30 10:32:36 INFO  EntityManagerFactoryImpl:192 - EntityManagerFactory created for persistence unit : hbase_pu
2016-12-30 10:32:36 INFO  EntityManagerImpl:983 - Returning client instance for persistence unit hbase_pu.
2016-12-30 10:33:25 INFO  ConnectionManager$HConnectionImplementation:1710 - Closing zookeeper sessionid=0x1594b85e13316f0
2016-12-30 10:33:25 INFO  ZooKeeper:684 - Session: 0x1594b85e13316f0 closed
2016-12-30 10:33:25 INFO  ClientCnxn:512 - EventThread shut down
2016-12-30 10:33:25 INFO  RecoverableZooKeeper:120 - Process identifier=hconnection-0x7429883 connecting to ZooKeeper ensemble=localhost:2181
2016-12-30 10:33:25 INFO  ZooKeeper:438 - Initiating client connection, connectString=localhost:2181 sessionTimeout=180000 watcher=hconnection-0x74298830x0, quorum=localhost:2181, baseZNode=/hbase
2016-12-30 10:33:25 INFO  ClientCnxn:975 - Opening socket connection to server localhost/0:0:0:0:0:0:0:1:2181. Will not attempt to authenticate using SASL (unknown error)
2016-12-30 10:33:25 WARN  ClientCnxn:1102 - Session 0x0 for server null, unexpected error, closing socket connection and attempting reconnect
java.net.ConnectException: Connection refused
	at sun.nio.ch.SocketChannelImpl.checkConnect(Native Method)
	at sun.nio.ch.SocketChannelImpl.finishConnect(SocketChannelImpl.java:739)
	at org.apache.zookeeper.ClientCnxnSocketNIO.doTransport(ClientCnxnSocketNIO.java:361)
	at org.apache.zookeeper.ClientCnxn$SendThread.run(ClientCnxn.java:1081)
2016-12-30 10:33:25 INFO  ClientCnxn:975 - Opening socket connection to server localhost/127.0.0.1:2181. Will not attempt to authenticate using SASL (unknown error)
2016-12-30 10:33:25 INFO  ClientCnxn:852 - Socket connection established to localhost/127.0.0.1:2181, initiating session
2016-12-30 10:33:25 INFO  ClientCnxn:1235 - Session establishment complete on server localhost/127.0.0.1:2181, sessionid = 0x1594b85e13316f5, negotiated timeout = 60000
2016-12-30 10:33:28 INFO  EntityManagerFactoryImpl:130 - Loading Core
2016-12-30 10:33:28 INFO  CoreLoader:41 - Loading Kundera Core Metdata ... 
2016-12-30 10:33:28 INFO  EntityManagerFactoryImpl:654 - Loading Persistence Unit MetaData For Persistence Unit(s) hbase_pu.
2016-12-30 10:33:28 INFO  PersistenceUnitConfiguration:77 - Loading Metadata from persistence.xml ...
2016-12-30 10:33:29 INFO  PersistenceUnitConfiguration:94 - Finishing persistence unit metadata configuration ...
2016-12-30 10:34:25 INFO  ClientMetadataBuilder:37 - Loading client factory for persistence unit hbase_pu
2016-12-30 10:34:25 INFO  ClientResolver:73 - Initializing client factory for: hbase_pu
2016-12-30 10:34:25 INFO  ClientResolver:152 - Finishing factory initialization
2016-12-30 10:34:25 INFO  SchemaConfiguration:116 - Configuring schema export for : hbase_pu
2016-12-30 10:34:25 INFO  RecoverableZooKeeper:120 - Process identifier=hconnection-0x3116bb9b connecting to ZooKeeper ensemble=localhost:2181
2016-12-30 10:34:25 INFO  ZooKeeper:438 - Initiating client connection, connectString=localhost:2181 sessionTimeout=90000 watcher=hconnection-0x3116bb9b0x0, quorum=localhost:2181, baseZNode=/hbase
2016-12-30 10:34:25 INFO  ClientCnxn:975 - Opening socket connection to server localhost/0:0:0:0:0:0:0:1:2181. Will not attempt to authenticate using SASL (unknown error)
2016-12-30 10:34:25 WARN  ClientCnxn:1102 - Session 0x0 for server null, unexpected error, closing socket connection and attempting reconnect
java.net.ConnectException: Connection refused
	at sun.nio.ch.SocketChannelImpl.checkConnect(Native Method)
	at sun.nio.ch.SocketChannelImpl.finishConnect(SocketChannelImpl.java:739)
	at org.apache.zookeeper.ClientCnxnSocketNIO.doTransport(ClientCnxnSocketNIO.java:361)
	at org.apache.zookeeper.ClientCnxn$SendThread.run(ClientCnxn.java:1081)
2016-12-30 10:34:25 INFO  ClientCnxn:975 - Opening socket connection to server localhost/127.0.0.1:2181. Will not attempt to authenticate using SASL (unknown error)
2016-12-30 10:34:25 INFO  ClientCnxn:852 - Socket connection established to localhost/127.0.0.1:2181, initiating session
2016-12-30 10:34:25 INFO  ClientCnxn:1235 - Session establishment complete on server localhost/127.0.0.1:2181, sessionid = 0x1594b85e13316fa, negotiated timeout = 60000
2016-12-30 10:34:34 INFO  GenericClientFactory:110 - Loading client metadata for persistence unit : hbase_pu
2016-12-30 10:34:34 INFO  GenericClientFactory:114 - Initializing client for persistence unit : hbase_pu
2016-12-30 10:34:34 INFO  GenericClientFactory:118 - Constructing pool for persistence unit : hbase_pu
2016-12-30 10:34:34 INFO  RecoverableZooKeeper:120 - Process identifier=hconnection-0x59f4e49e connecting to ZooKeeper ensemble=localhost:2181
2016-12-30 10:34:34 INFO  ZooKeeper:438 - Initiating client connection, connectString=localhost:2181 sessionTimeout=90000 watcher=hconnection-0x59f4e49e0x0, quorum=localhost:2181, baseZNode=/hbase
2016-12-30 10:34:34 INFO  ClientCnxn:975 - Opening socket connection to server localhost/127.0.0.1:2181. Will not attempt to authenticate using SASL (unknown error)
2016-12-30 10:34:34 INFO  ClientCnxn:852 - Socket connection established to localhost/127.0.0.1:2181, initiating session
2016-12-30 10:34:34 INFO  ClientCnxn:1235 - Session establishment complete on server localhost/127.0.0.1:2181, sessionid = 0x1594b85e13316fb, negotiated timeout = 60000
2016-12-30 10:34:34 INFO  EntityManagerFactoryImpl:192 - EntityManagerFactory created for persistence unit : hbase_pu
2016-12-30 10:34:34 INFO  EntityManagerImpl:983 - Returning client instance for persistence unit hbase_pu.

